{
    "Optional_file_set": {
        "content": [
            [
                [
                    {
                        "accession": "GCA_017607445.1"
                    },
                    "GCA_017607445.1_ASM1760744v1_genomic.gff.gz",
                    "GCA_017607445.1_ASM1760744v1_protein.faa.gz",
                    "GCA_017607445.1_ASM1760744v1_genomic.gbff.gz"
                ]
            ]
        ],
        "timestamp": "2026-02-24T21:03:09.503120651",
        "meta": {
            "nf-test": "0.9.4",
            "nextflow": "24.10.3"
        }
    },
    "Download assemblydata [stub]": {
        "content": [
            {
                "0": [
                    [
                        {
                            "accession": "GCA_017607445.1"
                        },
                        "GCA_017607445.1_ASM1760744v1_assembly_report.txt:md5,d41d8cd98f00b204e9800998ecf8427e",
                        "GCA_017607445.1_ASM1760744v1_genomic.fna.gz:md5,d41d8cd98f00b204e9800998ecf8427e",
                        "GCA_017607445.1_ASM1760744v1_genomic.gbff.gz:md5,d41d8cd98f00b204e9800998ecf8427e"
                    ]
                ],
                "1": [
                    [
                        {
                            "accession": "GCA_017607445.1"
                        },
                        "GCA_017607445.1_ASM1760744v1_genomic.gff.gz:md5,d41d8cd98f00b204e9800998ecf8427e",
                        "GCA_017607445.1_ASM1760744v1_protein.faa.gz:md5,d41d8cd98f00b204e9800998ecf8427e",
                        "GCA_017607445.1_ASM1760744v1_genomic.gbff.gz:md5,d41d8cd98f00b204e9800998ecf8427e"
                    ]
                ],
                "2": [
                    "versions.yml:md5,36da41bb0012bd1a19c86b53175905c7"
                ],
                "min_set": [
                    [
                        {
                            "accession": "GCA_017607445.1"
                        },
                        "GCA_017607445.1_ASM1760744v1_assembly_report.txt:md5,d41d8cd98f00b204e9800998ecf8427e",
                        "GCA_017607445.1_ASM1760744v1_genomic.fna.gz:md5,d41d8cd98f00b204e9800998ecf8427e",
                        "GCA_017607445.1_ASM1760744v1_genomic.gbff.gz:md5,d41d8cd98f00b204e9800998ecf8427e"
                    ]
                ],
                "opt_set": [
                    [
                        {
                            "accession": "GCA_017607445.1"
                        },
                        "GCA_017607445.1_ASM1760744v1_genomic.gff.gz:md5,d41d8cd98f00b204e9800998ecf8427e",
                        "GCA_017607445.1_ASM1760744v1_protein.faa.gz:md5,d41d8cd98f00b204e9800998ecf8427e",
                        "GCA_017607445.1_ASM1760744v1_genomic.gbff.gz:md5,d41d8cd98f00b204e9800998ecf8427e"
                    ]
                ],
                "versions": [
                    "versions.yml:md5,36da41bb0012bd1a19c86b53175905c7"
                ]
            }
        ],
        "timestamp": "2026-03-10T14:14:53.95025089",
        "meta": {
            "nf-test": "0.9.4",
            "nextflow": "24.10.3"
        }
    },
    "Minimal_file_set": {
        "content": [
            [
                [
                    {
                        "accession": "GCA_017607445.1"
                    },
                    "GCA_017607445.1_ASM1760744v1_assembly_report.txt",
                    "GCA_017607445.1_ASM1760744v1_genomic.fna.gz",
                    "GCA_017607445.1_ASM1760744v1_genomic.gbff.gz"
                ]
            ]
        ],
        "timestamp": "2026-02-24T21:03:09.341098848",
        "meta": {
            "nf-test": "0.9.4",
            "nextflow": "24.10.3"
        }
    }
}