{
    "Optional_file_set": {
        "content": [
            [
                [
                    {
                        "accession": "test"
                    },
                    "GCA_017607445.1_ASM1760744v1_genomic.gff.gz",
                    "GCA_017607445.1_ASM1760744v1_protein.faa.gz",
                    "GCA_017607445.1_ASM1760744v1_genomic.gbff.gz"
                ]
            ]
        ],
        "meta": {
            "nf-test": "0.9.2",
            "nextflow": "24.04.3"
        },
        "timestamp": "2024-12-19T16:18:39.369126462"
    },
    "Download assemblydata [stub]": {
        "content": [
            {
                "0": [
                    [
                        {
                            "accession": "test"
                        },
                        "GCA_017607445.1_ASM1760744v1_assembly_report.txt:md5,4b1bc7091004b82da5c28e484a3ebecc",
                        "GCA_017607445.1_ASM1760744v1_genomic.fna.gz:md5,af772cfb14e26609b7c215690baf2c3d",
                        "GCA_017607445.1_ASM1760744v1_genomic.gbff.gz:md5,f4dac2b4d4e10cb3d247640350112f82"
                    ]
                ],
                "1": [
                    [
                        {
                            "accession": "test"
                        },
                        "GCA_017607445.1_ASM1760744v1_genomic.gff.gz:md5,6c58a33f10fcb1d502e4ade1eae87c4d",
                        "GCA_017607445.1_ASM1760744v1_protein.faa.gz:md5,af08975898232e57b75cc5f2617dbb16",
                        "GCA_017607445.1_ASM1760744v1_genomic.gbff.gz:md5,f4dac2b4d4e10cb3d247640350112f82"
                    ]
                ],
                "2": [
                    "versions.yml:md5,397f2cc581ecbc8039f6ba1e998cadb3"
                ],
                "min_set": [
                    [
                        {
                            "accession": "test"
                        },
                        "GCA_017607445.1_ASM1760744v1_assembly_report.txt:md5,4b1bc7091004b82da5c28e484a3ebecc",
                        "GCA_017607445.1_ASM1760744v1_genomic.fna.gz:md5,af772cfb14e26609b7c215690baf2c3d",
                        "GCA_017607445.1_ASM1760744v1_genomic.gbff.gz:md5,f4dac2b4d4e10cb3d247640350112f82"
                    ]
                ],
                "opt_set": [
                    [
                        {
                            "accession": "test"
                        },
                        "GCA_017607445.1_ASM1760744v1_genomic.gff.gz:md5,6c58a33f10fcb1d502e4ade1eae87c4d",
                        "GCA_017607445.1_ASM1760744v1_protein.faa.gz:md5,af08975898232e57b75cc5f2617dbb16",
                        "GCA_017607445.1_ASM1760744v1_genomic.gbff.gz:md5,f4dac2b4d4e10cb3d247640350112f82"
                    ]
                ],
                "versions": [
                    "versions.yml:md5,397f2cc581ecbc8039f6ba1e998cadb3"
                ]
            }
        ],
        "meta": {
            "nf-test": "0.9.2",
            "nextflow": "24.04.3"
        },
        "timestamp": "2024-12-19T16:18:39.547798388"
    },
    "Minimal_file_set": {
        "content": [
            [
                [
                    {
                        "accession": "test"
                    },
                    "GCA_017607445.1_ASM1760744v1_assembly_report.txt",
                    "GCA_017607445.1_ASM1760744v1_genomic.fna.gz",
                    "GCA_017607445.1_ASM1760744v1_genomic.gbff.gz"
                ]
            ]
        ],
        "meta": {
            "nf-test": "0.9.2",
            "nextflow": "24.04.3"
        },
        "timestamp": "2024-12-19T16:18:39.291805979"
    }
}