{
    "Optional_file_set": {
        "content": [
            [
                [
                    {
                        "accession": "GCA_017607445.1"
                    },
                    "GCA_017607445.1_ASM1760744v1_genomic.gff.gz",
                    "GCA_017607445.1_ASM1760744v1_protein.faa.gz",
                    "GCA_017607445.1_ASM1760744v1_genomic.gbff.gz"
                ]
            ]
        ],
        "timestamp": "2026-02-24T21:03:09.503120651",
        "meta": {
            "nf-test": "0.9.4",
            "nextflow": "24.10.3"
        }
    },
    "Download assemblydata [stub]": {
        "content": [
            {
                "0": [
                    [
                        {
                            "accession": "GCA_017607445.1"
                        },
                        "GCA_017607445.1_ASM1760744v1_assembly_report.txt:md5,c723c07f94187d028c1cf7a74e814667",
                        "/hps/software/users/ensembl/metazoa/dishalodha/modenv/nextflow_modules/.nf-test/tests/ddd2ab870bc5535c25d6c061fac53eb/work/20/4c2971ee6a186da70f5d2c534eb089/GCA_017607445.1_ASM1760744v1_genomic.fna.gz",
                        "/hps/software/users/ensembl/metazoa/dishalodha/modenv/nextflow_modules/.nf-test/tests/ddd2ab870bc5535c25d6c061fac53eb/work/20/4c2971ee6a186da70f5d2c534eb089/GCA_017607445.1_ASM1760744v1_genomic.gbff.gz"
                    ]
                ],
                "1": [
                    [
                        {
                            "accession": "GCA_017607445.1"
                        },
                        "/hps/software/users/ensembl/metazoa/dishalodha/modenv/nextflow_modules/.nf-test/tests/ddd2ab870bc5535c25d6c061fac53eb/work/20/4c2971ee6a186da70f5d2c534eb089/GCA_017607445.1_ASM1760744v1_genomic.gff.gz",
                        "/hps/software/users/ensembl/metazoa/dishalodha/modenv/nextflow_modules/.nf-test/tests/ddd2ab870bc5535c25d6c061fac53eb/work/20/4c2971ee6a186da70f5d2c534eb089/GCA_017607445.1_ASM1760744v1_protein.faa.gz",
                        "/hps/software/users/ensembl/metazoa/dishalodha/modenv/nextflow_modules/.nf-test/tests/ddd2ab870bc5535c25d6c061fac53eb/work/20/4c2971ee6a186da70f5d2c534eb089/GCA_017607445.1_ASM1760744v1_genomic.gbff.gz"
                    ]
                ],
                "2": [
                    "versions.yml:md5,36da41bb0012bd1a19c86b53175905c7"
                ],
                "min_set": [
                    [
                        {
                            "accession": "GCA_017607445.1"
                        },
                        "GCA_017607445.1_ASM1760744v1_assembly_report.txt:md5,c723c07f94187d028c1cf7a74e814667",
                        "/hps/software/users/ensembl/metazoa/dishalodha/modenv/nextflow_modules/.nf-test/tests/ddd2ab870bc5535c25d6c061fac53eb/work/20/4c2971ee6a186da70f5d2c534eb089/GCA_017607445.1_ASM1760744v1_genomic.fna.gz",
                        "/hps/software/users/ensembl/metazoa/dishalodha/modenv/nextflow_modules/.nf-test/tests/ddd2ab870bc5535c25d6c061fac53eb/work/20/4c2971ee6a186da70f5d2c534eb089/GCA_017607445.1_ASM1760744v1_genomic.gbff.gz"
                    ]
                ],
                "opt_set": [
                    [
                        {
                            "accession": "GCA_017607445.1"
                        },
                        "/hps/software/users/ensembl/metazoa/dishalodha/modenv/nextflow_modules/.nf-test/tests/ddd2ab870bc5535c25d6c061fac53eb/work/20/4c2971ee6a186da70f5d2c534eb089/GCA_017607445.1_ASM1760744v1_genomic.gff.gz",
                        "/hps/software/users/ensembl/metazoa/dishalodha/modenv/nextflow_modules/.nf-test/tests/ddd2ab870bc5535c25d6c061fac53eb/work/20/4c2971ee6a186da70f5d2c534eb089/GCA_017607445.1_ASM1760744v1_protein.faa.gz",
                        "/hps/software/users/ensembl/metazoa/dishalodha/modenv/nextflow_modules/.nf-test/tests/ddd2ab870bc5535c25d6c061fac53eb/work/20/4c2971ee6a186da70f5d2c534eb089/GCA_017607445.1_ASM1760744v1_genomic.gbff.gz"
                    ]
                ],
                "versions": [
                    "versions.yml:md5,36da41bb0012bd1a19c86b53175905c7"
                ]
            }
        ],
        "timestamp": "2026-02-24T21:03:09.748899712",
        "meta": {
            "nf-test": "0.9.4",
            "nextflow": "24.10.3"
        }
    },
    "Minimal_file_set": {
        "content": [
            [
                [
                    {
                        "accession": "GCA_017607445.1"
                    },
                    "GCA_017607445.1_ASM1760744v1_assembly_report.txt",
                    "GCA_017607445.1_ASM1760744v1_genomic.fna.gz",
                    "GCA_017607445.1_ASM1760744v1_genomic.gbff.gz"
                ]
            ]
        ],
        "timestamp": "2026-02-24T21:03:09.341098848",
        "meta": {
            "nf-test": "0.9.4",
            "nextflow": "24.10.3"
        }
    }
}