{
    "Schema check for the JSON file stub": {
        "content": [
            {
                "0": [
                    [
                        {
                            "id": "test"
                        },
                        "meta.json:md5,62eec34a06788123009463246888d349"
                    ]
                ],
                "1": [
                    "versions.yml:md5,96acc0224cfcbd05ad9eed12ec1f1a08"
                ],
                "verified_json": [
                    [
                        {
                            "id": "test"
                        },
                        "meta.json:md5,62eec34a06788123009463246888d349"
                    ]
                ],
                "versions": [
                    "versions.yml:md5,96acc0224cfcbd05ad9eed12ec1f1a08"
                ]
            }
        ],
        "meta": {
            "nf-test": "0.9.2",
            "nextflow": "24.10.3"
        },
        "timestamp": "2025-03-10T16:13:31.797803897"
    }
}