{
    "Schema check for the JSON file stub": {
        "content": [
            {
                "0": [
                    [
                        {
                            "id": "test"
                        },
                        "meta.json:md5,62eec34a06788123009463246888d349"
                    ]
                ],
                "1": [
                    "versions.yml:md5,a580476673b14cb445f28907b3fee0f4"
                ],
                "verified_json": [
                    [
                        {
                            "id": "test"
                        },
                        "meta.json:md5,62eec34a06788123009463246888d349"
                    ]
                ],
                "versions": [
                    "versions.yml:md5,a580476673b14cb445f28907b3fee0f4"
                ]
            }
        ],
        "meta": {
            "nf-test": "0.9.2",
            "nextflow": "24.10.3"
        },
        "timestamp": "2025-03-11T14:15:26.947490746"
    }
}