{
    "Schema check for the JSON file stub": {
        "content": [
            {
                "0": [
                    [
                        {
                            "id": "test"
                        },
                        "meta.json:md5,62eec34a06788123009463246888d349"
                    ]
                ],
                "1": [
                    "versions.yml:md5,eca9319fc4e0139a09a7029f9e4ca2c2"
                ],
                "verified_json": [
                    [
                        {
                            "id": "test"
                        },
                        "meta.json:md5,62eec34a06788123009463246888d349"
                    ]
                ],
                "versions": [
                    "versions.yml:md5,eca9319fc4e0139a09a7029f9e4ca2c2"
                ]
            }
        ],
        "meta": {
            "nf-test": "0.9.2",
            "nextflow": "24.10.3"
        },
        "timestamp": "2025-06-17T11:29:39.575229704"
    }
}