{
    "Download genbank [stub]": {
        "content": [
            {
                "0": [
                    [
                        [
                            {
                                "accession": "test"
                            }
                        ],
                        "output.gb:md5,d41d8cd98f00b204e9800998ecf8427e"
                    ]
                ],
                "1": [
                    "versions.yml:md5,9a69c98f544c3d521700af1c54553fb7"
                ],
                "gb_sequence": [
                    [
                        [
                            {
                                "accession": "test"
                            }
                        ],
                        "output.gb:md5,d41d8cd98f00b204e9800998ecf8427e"
                    ]
                ],
                "versions": [
                    "versions.yml:md5,9a69c98f544c3d521700af1c54553fb7"
                ]
            }
        ],
        "timestamp": "2026-02-24T21:03:22.01509319",
        "meta": {
            "nf-test": "0.9.4",
            "nextflow": "24.10.3"
        }
    },
    "genabank_seq_record": {
        "content": [
            [
                [
                    [
                        {
                            "accession": "test"
                        }
                    ],
                    "output.gb"
                ]
            ]
        ],
        "timestamp": "2024-12-02T15:31:47.170791005",
        "meta": {
            "nf-test": "0.9.2",
            "nextflow": "24.04.3"
        }
    }
}