{
    "Process sequence regions [stub]": {
        "content": [
            {
                "0": [
                    [
                        {
                            "test_id": "dummy_core_db_core_110_1",
                            "species": "Genus species"
                        },
                        "seq_region.json:md5,4fb69d15937c22072713730969dbbb48"
                    ]
                ],
                "1": [
                    "versions.yml:md5,86fd6f11a95c40520d76a6bb1d0362c6"
                ],
                "seq_region": [
                    [
                        {
                            "test_id": "dummy_core_db_core_110_1",
                            "species": "Genus species"
                        },
                        "seq_region.json:md5,4fb69d15937c22072713730969dbbb48"
                    ]
                ],
                "versions": [
                    "versions.yml:md5,86fd6f11a95c40520d76a6bb1d0362c6"
                ]
            }
        ],
        "meta": {
            "nf-test": "0.9.2",
            "nextflow": "24.04.3"
        },
        "timestamp": "2024-12-19T16:09:51.012068117"
    },
    "seq_region": {
        "content": [
            [
                [
                    {
                        "test_id": "dummy_core_db_core_110_1",
                        "species": "Genus species"
                    },
                    "seq_region.json"
                ]
            ]
        ],
        "meta": {
            "nf-test": "0.9.2",
            "nextflow": "24.04.3"
        },
        "timestamp": "2024-12-19T11:58:02.018977677"
    }
}