{
    "Gff3 validation": {
        "content": [
            {
                "0": [
                    [
                        {
                            "id": "test"
                        },
                        "gene_models.gff3:md5,30e231754b0254b6b7293ca13e30dc6b"
                    ]
                ],
                "1": [
                    "versions.yml:md5,869e450ac312021d105c5fe1041ee227"
                ],
                "gene_models": [
                    [
                        {
                            "id": "test"
                        },
                        "gene_models.gff3:md5,30e231754b0254b6b7293ca13e30dc6b"
                    ]
                ],
                "versions": [
                    "versions.yml:md5,869e450ac312021d105c5fe1041ee227"
                ]
            }
        ],
        "meta": {
            "nf-test": "0.9.0",
            "nextflow": "24.04.3"
        },
        "timestamp": "2024-10-09T14:30:22.143382311"
    }
}