{
    "Stub wires RepeatMasker custom library input mode": {
        "content": [
            {
                "0": [
                    [
                        {
                            "id": "test"
                        },
                        "test.repeatmask_customlib.features.json:md5,8a80554c91d9fca8acb82f023de02f11"
                    ]
                ],
                "1": [
                    [
                        "FEATURES_CONVERTTOJSON",
                        "features_convert_to_genomio_json",
                        "1.7.0"
                    ]
                ],
                "json": [
                    [
                        {
                            "id": "test"
                        },
                        "test.repeatmask_customlib.features.json:md5,8a80554c91d9fca8acb82f023de02f11"
                    ]
                ],
                "versions_convert_to_genomio_json": [
                    [
                        "FEATURES_CONVERTTOJSON",
                        "features_convert_to_genomio_json",
                        "1.7.0"
                    ]
                ]
            }
        ],
        "timestamp": "2026-06-17T14:28:38.145441",
        "meta": {
            "nf-test": "0.9.5",
            "nextflow": "26.04.0"
        }
    },
    "Stub wires RepeatMasker Repbase input mode": {
        "content": [
            {
                "0": [
                    [
                        {
                            "id": "test"
                        },
                        "test.repeatmasker_rmlib.features.json:md5,8a80554c91d9fca8acb82f023de02f11"
                    ]
                ],
                "1": [
                    [
                        "FEATURES_CONVERTTOJSON",
                        "features_convert_to_genomio_json",
                        "1.7.0"
                    ]
                ],
                "json": [
                    [
                        {
                            "id": "test"
                        },
                        "test.repeatmasker_rmlib.features.json:md5,8a80554c91d9fca8acb82f023de02f11"
                    ]
                ],
                "versions_convert_to_genomio_json": [
                    [
                        "FEATURES_CONVERTTOJSON",
                        "features_convert_to_genomio_json",
                        "1.7.0"
                    ]
                ]
            }
        ],
        "timestamp": "2026-06-17T14:28:35.776723",
        "meta": {
            "nf-test": "0.9.5",
            "nextflow": "26.04.0"
        }
    },
    "Stub wires TRF input mode": {
        "content": [
            {
                "0": [
                    [
                        {
                            "id": "test"
                        },
                        "test.trf.features.json:md5,8a80554c91d9fca8acb82f023de02f11"
                    ]
                ],
                "1": [
                    [
                        "FEATURES_CONVERTTOJSON",
                        "features_convert_to_genomio_json",
                        "1.7.0"
                    ]
                ],
                "json": [
                    [
                        {
                            "id": "test"
                        },
                        "test.trf.features.json:md5,8a80554c91d9fca8acb82f023de02f11"
                    ]
                ],
                "versions_convert_to_genomio_json": [
                    [
                        "FEATURES_CONVERTTOJSON",
                        "features_convert_to_genomio_json",
                        "1.7.0"
                    ]
                ]
            }
        ],
        "timestamp": "2026-06-17T14:28:33.432141",
        "meta": {
            "nf-test": "0.9.5",
            "nextflow": "26.04.0"
        }
    }
}