{
    "Stub wires RepeatMasker custom library input mode": {
        "content": [
            {
                "0": [
                    [
                        {
                            "id": "test"
                        },
                        "test.repeatmask_customlib.features.json:md5,d41d8cd98f00b204e9800998ecf8427e"
                    ]
                ],
                "1": [
                    [
                        "FEATURES_CONVERTTOJSON",
                        "features_convert_to_genomio_json",
                        "1.7.0"
                    ]
                ],
                "json": [
                    [
                        {
                            "id": "test"
                        },
                        "test.repeatmask_customlib.features.json:md5,d41d8cd98f00b204e9800998ecf8427e"
                    ]
                ],
                "versions_convert_to_genomio_json": [
                    [
                        "FEATURES_CONVERTTOJSON",
                        "features_convert_to_genomio_json",
                        "1.7.0"
                    ]
                ]
            }
        ],
        "timestamp": "2026-06-10T12:00:04.321157",
        "meta": {
            "nf-test": "0.9.4",
            "nextflow": "25.10.3"
        }
    },
    "Stub wires RepeatMasker Repbase input mode": {
        "content": [
            {
                "0": [
                    [
                        {
                            "id": "test"
                        },
                        "test.repeatmasker_rmlib.features.json:md5,d41d8cd98f00b204e9800998ecf8427e"
                    ]
                ],
                "1": [
                    [
                        "FEATURES_CONVERTTOJSON",
                        "features_convert_to_genomio_json",
                        "1.7.0"
                    ]
                ],
                "json": [
                    [
                        {
                            "id": "test"
                        },
                        "test.repeatmasker_rmlib.features.json:md5,d41d8cd98f00b204e9800998ecf8427e"
                    ]
                ],
                "versions_convert_to_genomio_json": [
                    [
                        "FEATURES_CONVERTTOJSON",
                        "features_convert_to_genomio_json",
                        "1.7.0"
                    ]
                ]
            }
        ],
        "timestamp": "2026-06-10T12:00:02.032955",
        "meta": {
            "nf-test": "0.9.4",
            "nextflow": "25.10.3"
        }
    },
    "Stub wires TRF input mode": {
        "content": [
            {
                "0": [
                    [
                        {
                            "id": "test"
                        },
                        "test.trf.features.json:md5,d41d8cd98f00b204e9800998ecf8427e"
                    ]
                ],
                "1": [
                    [
                        "FEATURES_CONVERTTOJSON",
                        "features_convert_to_genomio_json",
                        "1.7.0"
                    ]
                ],
                "json": [
                    [
                        {
                            "id": "test"
                        },
                        "test.trf.features.json:md5,d41d8cd98f00b204e9800998ecf8427e"
                    ]
                ],
                "versions_convert_to_genomio_json": [
                    [
                        "FEATURES_CONVERTTOJSON",
                        "features_convert_to_genomio_json",
                        "1.7.0"
                    ]
                ]
            }
        ],
        "timestamp": "2026-06-10T11:59:59.726468",
        "meta": {
            "nf-test": "0.9.4",
            "nextflow": "25.10.3"
        }
    }
}