{
    "Stub outputs": {
        "content": [
            {
                "0": [
                    {
                        "combined_json": "test.features.json:md5,8a80554c91d9fca8acb82f023de02f11",
                        "meta": {
                            "id": "test"
                        }
                    }
                ]
            }
        ],
        "timestamp": "2026-09-29T12:53:58.29327",
        "meta": {
            "nf-test": "0.9.5",
            "nextflow": "26.04.3"
        }
    }
}