{
    "Stub outputs: repeat AGP mode": {
        "content": [
            {
                "0": [
                    [
                        {
                            "id": "test",
                            "analysis": "features"
                        },
                        "test.features.json:md5,aefc84472e26178b64d01051be6d58b2"
                    ]
                ],
                "1": [
                    "versions.yml:md5,8258695d6a28a46edbaf2a9bf2dde339"
                ],
                "combined_json": [
                    [
                        {
                            "id": "test",
                            "analysis": "features"
                        },
                        "test.features.json:md5,aefc84472e26178b64d01051be6d58b2"
                    ]
                ],
                "versions": [
                    "versions.yml:md5,8258695d6a28a46edbaf2a9bf2dde339"
                ]
            }
        ],
        "timestamp": "2026-03-11T12:27:17.171188",
        "meta": {
            "nf-test": "0.9.4",
            "nextflow": "25.10.3"
        }
    },
    "Stub outputs: ncRNA seq_region mode": {
        "content": [
            {
                "0": [
                    [
                        {
                            "id": "test",
                            "analysis": "features"
                        },
                        "test.features.json:md5,67c630685f9c819ef28574144c284b4e"
                    ]
                ],
                "1": [
                    "versions.yml:md5,8258695d6a28a46edbaf2a9bf2dde339"
                ],
                "combined_json": [
                    [
                        {
                            "id": "test",
                            "analysis": "features"
                        },
                        "test.features.json:md5,67c630685f9c819ef28574144c284b4e"
                    ]
                ],
                "versions": [
                    "versions.yml:md5,8258695d6a28a46edbaf2a9bf2dde339"
                ]
            }
        ],
        "timestamp": "2026-03-11T12:27:15.074952",
        "meta": {
            "nf-test": "0.9.4",
            "nextflow": "25.10.3"
        }
    },
    "Stub outputs: ncRNA AGP mode": {
        "content": [
            {
                "0": [
                    [
                        {
                            "id": "test",
                            "analysis": "features"
                        },
                        "test.features.json:md5,67c630685f9c819ef28574144c284b4e"
                    ]
                ],
                "1": [
                    "versions.yml:md5,8258695d6a28a46edbaf2a9bf2dde339"
                ],
                "combined_json": [
                    [
                        {
                            "id": "test",
                            "analysis": "features"
                        },
                        "test.features.json:md5,67c630685f9c819ef28574144c284b4e"
                    ]
                ],
                "versions": [
                    "versions.yml:md5,8258695d6a28a46edbaf2a9bf2dde339"
                ]
            }
        ],
        "timestamp": "2026-03-11T12:27:19.259793",
        "meta": {
            "nf-test": "0.9.4",
            "nextflow": "25.10.3"
        }
    },
    "Stub outputs: repeat seq_region mode": {
        "content": [
            {
                "0": [
                    [
                        {
                            "id": "test",
                            "analysis": "features"
                        },
                        "test.features.json:md5,aefc84472e26178b64d01051be6d58b2"
                    ]
                ],
                "1": [
                    "versions.yml:md5,8258695d6a28a46edbaf2a9bf2dde339"
                ],
                "combined_json": [
                    [
                        {
                            "id": "test",
                            "analysis": "features"
                        },
                        "test.features.json:md5,aefc84472e26178b64d01051be6d58b2"
                    ]
                ],
                "versions": [
                    "versions.yml:md5,8258695d6a28a46edbaf2a9bf2dde339"
                ]
            }
        ],
        "timestamp": "2026-03-11T12:27:12.976715",
        "meta": {
            "nf-test": "0.9.4",
            "nextflow": "25.10.3"
        }
    }
}
