{
    "Fasta Dump Nucleotide [stub]": {
        "content": [
            {
                "0": [
                    [
                        [
                            {
                                "test_id": "dummy_core_db_core_110_1",
                                "species": "Genus species"
                            }
                        ],
                        "fasta_dna",
                        "dna.fasta:md5,d41d8cd98f00b204e9800998ecf8427e"
                    ]
                ],
                "1": [
                    "versions.yml:md5,697fba89525567272a3e57ee48bba827"
                ],
                "nucleotide_fasta": [
                    [
                        [
                            {
                                "test_id": "dummy_core_db_core_110_1",
                                "species": "Genus species"
                            }
                        ],
                        "fasta_dna",
                        "dna.fasta:md5,d41d8cd98f00b204e9800998ecf8427e"
                    ]
                ],
                "versions": [
                    "versions.yml:md5,697fba89525567272a3e57ee48bba827"
                ]
            }
        ],
        "timestamp": "2026-02-24T21:03:46.633898823",
        "meta": {
            "nf-test": "0.9.4",
            "nextflow": "24.10.3"
        }
    }
}