{
    "Fasta Dump Nucleotide [stub]": {
        "content": [
            {
                "0": [
                    [
                        [
                            {
                                "test_id": "dummy_core_db_core_110_1",
                                "species": "Genus species"
                            }
                        ],
                        "fasta_dna",
                        "dna.fasta:md5,22af65c79ff5f3d36e7ff1c6d6dcdd6b"
                    ]
                ],
                "1": [
                    "versions.yml:md5,697fba89525567272a3e57ee48bba827"
                ],
                "nucleotide_fasta": [
                    [
                        [
                            {
                                "test_id": "dummy_core_db_core_110_1",
                                "species": "Genus species"
                            }
                        ],
                        "fasta_dna",
                        "dna.fasta:md5,22af65c79ff5f3d36e7ff1c6d6dcdd6b"
                    ]
                ],
                "versions": [
                    "versions.yml:md5,697fba89525567272a3e57ee48bba827"
                ]
            }
        ],
        "meta": {
            "nf-test": "0.9.2",
            "nextflow": "24.10.3"
        },
        "timestamp": "2025-03-11T14:13:11.264072051"
    },
    "nucleotide_fasta": {
        "content": [
            [
                [
                    [
                        {
                            "test_id": "dummy_core_db_core_110_1",
                            "species": "Genus species"
                        }
                    ],
                    "fasta_dna",
                    "dna.fasta"
                ]
            ]
        ],
        "meta": {
            "nf-test": "0.9.2",
            "nextflow": "24.04.3"
        },
        "timestamp": "2024-12-02T18:06:25.700118834"
    }
}