{
    "Dump functional annotation ": {
        "content": [
            {
                "0": [
                    [
                        {
                            "production_name": "test_db",
                            "server": {
                                "host": "test_host",
                                "port": "1111",
                                "user": "ensro"
                            },
                            "species": "test_species"
                        },
                        "functional_annotation",
                        "functional_annotation.json:md5,55d1982dcc9558c6290233151e103d13"
                    ]
                ]
            }
        ],
        "meta": {
            "nf-test": "0.9.2",
            "nextflow": "24.10.3"
        },
        "timestamp": "2025-03-10T21:32:05.999072669"
    }
}