{
    "Dump functional annotation ": {
        "content": [
            {
                "0": [
                    [
                        {
                            "production_name": "test_db",
                            "server": {
                                "host": "test_host",
                                "port": "1111",
                                "user": "ensro"
                            },
                            "species": "test_species"
                        },
                        "functional_annotation",
                        "functional_annotation.json:md5,0e74ccaeefed318501b8e38e55efeee8"
                    ]
                ],
                "1": [
                    "versions.yml:md5,8feb7b7ff14b6458c406c259f5619ea5"
                ],
                "functional_annotation": [
                    [
                        {
                            "production_name": "test_db",
                            "server": {
                                "host": "test_host",
                                "port": "1111",
                                "user": "ensro"
                            },
                            "species": "test_species"
                        },
                        "functional_annotation",
                        "functional_annotation.json:md5,0e74ccaeefed318501b8e38e55efeee8"
                    ]
                ],
                "versions": [
                    "versions.yml:md5,8feb7b7ff14b6458c406c259f5619ea5"
                ]
            }
        ],
        "meta": {
            "nf-test": "0.9.2",
            "nextflow": "24.10.3"
        },
        "timestamp": "2025-06-17T11:26:06.141917366"
    }
}