{
    "Database dbfactory [stub]": {
        "content": [
            {
                "0": [
                    "dbs.json:md5,476af329a36f4e5754d116a9f68b45f1"
                ],
                "1": [
                    "versions.yml:md5,0e3864982a0ab42f3864c47ac96dc9eb"
                ],
                "dbs_meta_json": [
                    "dbs.json:md5,476af329a36f4e5754d116a9f68b45f1"
                ],
                "versions": [
                    "versions.yml:md5,0e3864982a0ab42f3864c47ac96dc9eb"
                ]
            }
        ],
        "timestamp": "2026-02-24T21:02:56.456772812",
        "meta": {
            "nf-test": "0.9.4",
            "nextflow": "24.10.3"
        }
    }
}