{
    "Parse_map_param with run all": {
        "content": [
            [
                "test",
                "lorem"
            ]
        ],
        "meta": {
            "nf-test": "0.9.0",
            "nextflow": "24.04.3"
        },
        "timestamp": "2024-08-28T12:28:26.443400428"
    },
    "Test Function extract_url_args": {
        "content": [
            {
                "user": "ensro",
                "password": null,
                "host": "mysql-eg-test-prod",
                "port": "0000",
                "database": null
            }
        ],
        "meta": {
            "nf-test": "0.9.0",
            "nextflow": "24.04.3"
        },
        "timestamp": "2024-08-28T11:07:26.500484697"
    },
    "Test Function generate_url": {
        "content": [
            "https://ensro@mysql:0"
        ],
        "meta": {
            "nf-test": "0.9.0",
            "nextflow": "24.04.3"
        },
        "timestamp": "2024-08-28T10:59:52.815350874"
    },
    "Test Function get_key_list": {
        "content": [
            "['Key1','key2']"
        ],
        "meta": {
            "nf-test": "0.9.0",
            "nextflow": "24.04.3"
        },
        "timestamp": "2024-08-27T17:33:46.016044367"
    },
    "Test Function read_json": {
        "content": [
            {
                "Key": "value"
            }
        ],
        "meta": {
            "nf-test": "0.9.0",
            "nextflow": "24.04.3"
        },
        "timestamp": "2024-08-27T17:33:55.082623428"
    },
    "Test Function parse_list_param": {
        "content": [
            [
                "test"
            ]
        ],
        "meta": {
            "nf-test": "0.9.0",
            "nextflow": "24.04.3"
        },
        "timestamp": "2024-08-28T10:35:22.070018212"
    },
    "Failure parse_map_param": {
        "content": null,
        "meta": {
            "nf-test": "0.9.0",
            "nextflow": "24.04.3"
        },
        "timestamp": "2024-08-28T11:41:24.859934595"
    },
    "Failure parse_map_param no value ": {
        "content": null,
        "meta": {
            "nf-test": "0.9.0",
            "nextflow": "24.04.3"
        },
        "timestamp": "2024-08-28T12:01:59.363815572"
    },
    "Test Function generate_url with password and database": {
        "content": [
            "https://ensro:test@mysql:0/test_database"
        ],
        "meta": {
            "nf-test": "0.9.0",
            "nextflow": "24.04.3"
        },
        "timestamp": "2024-08-28T16:49:48.297017432"
    },
    "Failure parse_map_param value not in allowed allowed_values ": {
        "content": null,
        "meta": {
            "nf-test": "0.9.0",
            "nextflow": "24.04.3"
        },
        "timestamp": "2024-08-28T11:54:20.475570355"
    },
    "Parse_map_param with no value ": {
        "content": [
            "No value specified null"
        ],
        "meta": {
            "nf-test": "0.9.0",
            "nextflow": "24.04.3"
        },
        "timestamp": "2024-08-28T12:10:54.223286963"
    },
    "Failure extract_url_args wrong pattern": {
        "content": null,
        "meta": {
            "nf-test": "0.9.0",
            "nextflow": "24.04.3"
        },
        "timestamp": "2024-08-28T16:57:36.491445174"
    }
}