{
    "Test Function extract_url_args": {
        "content": [
            {
                "user": "ensro",
                "password": null,
                "host": "mysql-eg-test-prod",
                "port": "0000",
                "database": null
            }
        ],
        "meta": {
            "nf-test": "0.9.0",
            "nextflow": "24.04.3"
        },
        "timestamp": "2024-08-28T11:07:26.500484697"
    },
    "Test Function generate_url": {
        "content": [
            "https://ensro@mysql:0"
        ],
        "meta": {
            "nf-test": "0.9.0",
            "nextflow": "24.04.3"
        },
        "timestamp": "2024-08-28T10:59:52.815350874"
    },
    "Test Function get_key_list": {
        "content": [
            "['Key1','key2']"
        ],
        "meta": {
            "nf-test": "0.9.0",
            "nextflow": "24.04.3"
        },
        "timestamp": "2024-08-27T17:33:46.016044367"
    },
    "Test Function read_json": {
        "content": [
            {
                "Key": "value"
            }
        ],
        "meta": {
            "nf-test": "0.9.0",
            "nextflow": "24.04.3"
        },
        "timestamp": "2024-08-27T17:33:55.082623428"
    },
    "Test Function parse_list_param": {
        "content": [
            [
                "test"
            ]
        ],
        "meta": {
            "nf-test": "0.9.0",
            "nextflow": "24.04.3"
        },
        "timestamp": "2024-08-28T10:35:22.070018212"
    }
}