{
    "stub outputs: AGP mode": {
        "content": [
            {
                "0": [
                    {
                        "meta": {
                            "id": "test"
                        },
                        "recombined_fasta": "test.fa:md5,c40116e7d725da4662e6bdd654f70075"
                    }
                ]
            }
        ],
        "timestamp": "2026-09-29T12:53:47.242818",
        "meta": {
            "nf-test": "0.9.5",
            "nextflow": "26.04.3"
        }
    },
    "stub outputs: header mode": {
        "content": [
            {
                "0": [
                    {
                        "meta": {
                            "id": "test"
                        },
                        "recombined_fasta": "test.fa:md5,c40116e7d725da4662e6bdd654f70075"
                    }
                ]
            }
        ],
        "timestamp": "2026-09-29T12:53:44.690151",
        "meta": {
            "nf-test": "0.9.5",
            "nextflow": "26.04.3"
        }
    }
}