{
    "stub outputs: AGP mode": {
        "content": [
            {
                "0": [
                    [
                        {
                            "id": "test"
                        },
                        "test.fa:md5,c40116e7d725da4662e6bdd654f70075"
                    ]
                ],
                "1": [
                    [
                        "FASTA_RECOMBINE",
                        "fasta_recombine",
                        "1.7.0"
                    ]
                ],
                "recombined_fasta": [
                    [
                        {
                            "id": "test"
                        },
                        "test.fa:md5,c40116e7d725da4662e6bdd654f70075"
                    ]
                ],
                "versions_fasta_recombine": [
                    [
                        "FASTA_RECOMBINE",
                        "fasta_recombine",
                        "1.7.0"
                    ]
                ]
            }
        ],
        "timestamp": "2026-06-11T18:08:46.722339",
        "meta": {
            "nf-test": "0.9.4",
            "nextflow": "25.10.3"
        }
    },
    "stub outputs: header mode": {
        "content": [
            {
                "0": [
                    [
                        {
                            "id": "test"
                        },
                        "test.fa:md5,c40116e7d725da4662e6bdd654f70075"
                    ]
                ],
                "1": [
                    [
                        "FASTA_RECOMBINE",
                        "fasta_recombine",
                        "1.7.0"
                    ]
                ],
                "recombined_fasta": [
                    [
                        {
                            "id": "test"
                        },
                        "test.fa:md5,c40116e7d725da4662e6bdd654f70075"
                    ]
                ],
                "versions_fasta_recombine": [
                    [
                        "FASTA_RECOMBINE",
                        "fasta_recombine",
                        "1.7.0"
                    ]
                ]
            }
        ],
        "timestamp": "2026-06-11T18:08:44.434921",
        "meta": {
            "nf-test": "0.9.4",
            "nextflow": "25.10.3"
        }
    }
}