{
    "Metadata 'genome summary' test-B [stub]": {
        "content": [
            {
                "0": [
                    [
                        {
                            "accession": "GCA_000111222.3"
                        },
                        "GCA_000111222.3-genome-meta.json:md5,35290e51b83617b0deb85f4da6fd0b51"
                    ]
                ],
                "1": [
                    "versions.yml:md5,f2b370b16189c705b60651d56a20c96c"
                ],
                "meta_json": [
                    [
                        {
                            "accession": "GCA_000111222.3"
                        },
                        "GCA_000111222.3-genome-meta.json:md5,35290e51b83617b0deb85f4da6fd0b51"
                    ]
                ],
                "versions": [
                    "versions.yml:md5,f2b370b16189c705b60651d56a20c96c"
                ]
            }
        ],
        "meta": {
            "nf-test": "0.9.2",
            "nextflow": "24.10.3"
        },
        "timestamp": "2025-03-25T14:12:37.604119798"
    },
    "GCA_000111222.3-genome-meta.json": {
        "content": [
            [
                [
                    {
                        "accession": "GCA_000111222.3"
                    },
                    "GCA_000111222.3-genome-meta.json"
                ]
            ]
        ],
        "meta": {
            "nf-test": "0.9.2",
            "nextflow": "24.10.3"
        },
        "timestamp": "2025-03-24T15:31:12.678842429"
    },
   
    "Metadata 'genome summary' test-A [real test]": {
        "content": [
            {
                "0": [
                    [
                        {
                            "accession": "GCA_000001215.4"
                        },
                        "GCA_000001215.4-genome-meta.json:md5,08e14981b0bedf21a195c85cb9b83d4c"
                    ]
                ],
                "1": [
                    "versions.yml:md5,f2b370b16189c705b60651d56a20c96c"
                ],
                "meta_json": [
                    [
                        {
                            "accession": "GCA_000001215.4"
                        },
                        "GCA_000001215.4-genome-meta.json:md5,08e14981b0bedf21a195c85cb9b83d4c"
                    ]
                ],
                "versions": [
                    "versions.yml:md5,f2b370b16189c705b60651d56a20c96c"
                ]
            }
        ],
        "meta": {
            "nf-test": "0.9.2",
            "nextflow": "24.10.3"
        },
        "timestamp": "2025-03-25T14:12:25.569821198"
    },
    "GCA_000001215.4-genome-meta.json": {
        "content": [
            [
                [
                    {
                        "accession": "GCA_000001215.4"
                    },
                    "GCA_000001215.4-genome-meta.json"
                ]
            ]
        ],
        "meta": {
            "nf-test": "0.9.2",
            "nextflow": "24.10.3"
        },
        "timestamp": "2025-03-24T15:26:56.226059575"
    } 
}