{
    "Metadata 'genome summary' test-B [stub]": {
        "content": [
            {
                "0": [
                    [
                        {
                            "accession": "GCA_000111222.3"
                        },
                        "genome.json:md5,d41d8cd98f00b204e9800998ecf8427e"
                    ]
                ],
                "1": [
                    "versions.yml:md5,5a68eb9e53407e984f9128436fc63572"
                ],
                "meta_json": [
                    [
                        {
                            "accession": "GCA_000111222.3"
                        },
                        "genome.json:md5,d41d8cd98f00b204e9800998ecf8427e"
                    ]
                ],
                "versions": [
                    "versions.yml:md5,5a68eb9e53407e984f9128436fc63572"
                ]
            }
        ],
        "timestamp": "2026-02-24T21:05:57.430748503",
        "meta": {
            "nf-test": "0.9.4",
            "nextflow": "24.10.3"
        }
    },
    "Metadata 'genome summary' test-A [real test]": {
        "content": [
            [
                "versions.yml:md5,5a68eb9e53407e984f9128436fc63572"
            ]
        ],
        "timestamp": "2026-02-24T21:05:44.935689391",
        "meta": {
            "nf-test": "0.9.4",
            "nextflow": "24.10.3"
        }
    }
}