{
    "amendgenome (genome.json) - stub": {
        "content": [
            {
                "0": [
                    [
                        {
                            "id": "test"
                        },
                        "genome.json:md5,d41d8cd98f00b204e9800998ecf8427e"
                    ]
                ],
                "1": [
                    "versions.yml:md5,36e911890944e8ff2e2fa98c6f5ebf32"
                ],
                "amended_json": [
                    [
                        {
                            "id": "test"
                        },
                        "genome.json:md5,d41d8cd98f00b204e9800998ecf8427e"
                    ]
                ],
                "versions": [
                    "versions.yml:md5,36e911890944e8ff2e2fa98c6f5ebf32"
                ]
            }
        ],
        "timestamp": "2026-02-24T21:05:31.146056945",
        "meta": {
            "nf-test": "0.9.4",
            "nextflow": "24.10.3"
        }
    }
}