{
    "Genbank extract gb [stub]": {
        "content": [
            {
                "0": [
                    [
                        {
                            "accession": "test_genbank"
                        },
                        "genome.json:md5,d41d8cd98f00b204e9800998ecf8427e"
                    ]
                ],
                "1": [
                    [
                        {
                            "accession": "test_genbank"
                        },
                        "seq_region.json:md5,d41d8cd98f00b204e9800998ecf8427e"
                    ]
                ],
                "2": [
                    [
                        {
                            "accession": "test_genbank"
                        },
                        "dna.fasta:md5,d41d8cd98f00b204e9800998ecf8427e"
                    ]
                ],
                "3": [
                    [
                        {
                            "accession": "test_genbank"
                        },
                        "valid.gff:md5,d41d8cd98f00b204e9800998ecf8427e"
                    ]
                ],
                "4": [
                    [
                        {
                            "accession": "test_genbank"
                        },
                        "pep.fasta:md5,d41d8cd98f00b204e9800998ecf8427e"
                    ]
                ],
                "5": [
                    "versions.yml:md5,91a93a7c3efeae181ebeed02ebf9b8ba"
                ],
                "dna_fasta": [
                    [
                        {
                            "accession": "test_genbank"
                        },
                        "dna.fasta:md5,d41d8cd98f00b204e9800998ecf8427e"
                    ]
                ],
                "gene_gff": [
                    [
                        {
                            "accession": "test_genbank"
                        },
                        "valid.gff:md5,d41d8cd98f00b204e9800998ecf8427e"
                    ]
                ],
                "genome": [
                    [
                        {
                            "accession": "test_genbank"
                        },
                        "genome.json:md5,d41d8cd98f00b204e9800998ecf8427e"
                    ]
                ],
                "pep_fasta": [
                    [
                        {
                            "accession": "test_genbank"
                        },
                        "pep.fasta:md5,d41d8cd98f00b204e9800998ecf8427e"
                    ]
                ],
                "seq_regions": [
                    [
                        {
                            "accession": "test_genbank"
                        },
                        "seq_region.json:md5,d41d8cd98f00b204e9800998ecf8427e"
                    ]
                ],
                "versions": [
                    "versions.yml:md5,91a93a7c3efeae181ebeed02ebf9b8ba"
                ]
            }
        ],
        "timestamp": "2026-03-10T14:23:23.725761105",
        "meta": {
            "nf-test": "0.9.4",
            "nextflow": "24.10.3"
        }
    }
}