{
    "Genbank extract gb [stub]": {
        "content": [
            {
                "0": [
                    [
                        {
                            "accession": "test_genbank"
                        },
                        "genome.json:md5,d453eccd0182cf9fd072daf4170ca743"
                    ]
                ],
                "1": [
                    [
                        {
                            "accession": "test_genbank"
                        },
                        "seq_region.json:md5,238b822b713730b11f790ef8fa6372ed"
                    ]
                ],
                "2": [
                    [
                        {
                            "accession": "test_genbank"
                        },
                        "dna.fasta:md5,7bf591c1a378a9bc6779aa8efd4b94d0"
                    ]
                ],
                "3": [
                    [
                        {
                            "accession": "test_genbank"
                        },
                        "valid.gff:md5,404b128f368e48e7357ab97b37933f09"
                    ]
                ],
                "4": [
                    [
                        {
                            "accession": "test_genbank"
                        },
                        "pep.fasta:md5,71f0789bc9da7799197739226d951d23"
                    ]
                ],
                "5": [
                    "versions.yml:md5,b122b0115e1e85487fc3b05515697764"
                ],
                "dna_fasta": [
                    [
                        {
                            "accession": "test_genbank"
                        },
                        "dna.fasta:md5,7bf591c1a378a9bc6779aa8efd4b94d0"
                    ]
                ],
                "gene_gff": [
                    [
                        {
                            "accession": "test_genbank"
                        },
                        "valid.gff:md5,404b128f368e48e7357ab97b37933f09"
                    ]
                ],
                "genome": [
                    [
                        {
                            "accession": "test_genbank"
                        },
                        "genome.json:md5,d453eccd0182cf9fd072daf4170ca743"
                    ]
                ],
                "pep_fasta": [
                    [
                        {
                            "accession": "test_genbank"
                        },
                        "pep.fasta:md5,71f0789bc9da7799197739226d951d23"
                    ]
                ],
                "seq_regions": [
                    [
                        {
                            "accession": "test_genbank"
                        },
                        "seq_region.json:md5,238b822b713730b11f790ef8fa6372ed"
                    ]
                ],
                "versions": [
                    "versions.yml:md5,b122b0115e1e85487fc3b05515697764"
                ]
            }
        ],
        "timestamp": "2026-02-24T21:04:11.890538908",
        "meta": {
            "nf-test": "0.9.4",
            "nextflow": "24.10.3"
        }
    }
}