{
    "Stub outputs: AGP optional output appears when enabled": {
        "content": [
            {
                "0": [
                    
                ],
                "1": [
                    
                ],
                "agp": [
                    
                ],
                "fasta": [
                    
                ]
            }
        ],
        "meta": {
            "nf-test": "0.9.3",
            "nextflow": "25.10.3"
        },
        "timestamp": "2026-02-03T11:07:14.941473"
    },
    "Stub outputs: nested directory layout contract": {
        "content": [
            {
                "0": [
                    
                ],
                "1": [
                    
                ],
                "agp": [
                    
                ],
                "fasta": [
                    
                ]
            }
        ],
        "meta": {
            "nf-test": "0.9.3",
            "nextflow": "25.10.3"
        },
        "timestamp": "2026-02-03T11:07:18.579901"
    },
    "Stub outputs: default layout, no AGP": {
        "content": [
            {
                "0": [
                    
                ],
                "1": [
                    
                ],
                "agp": [
                    
                ],
                "fasta": [
                    
                ]
            }
        ],
        "meta": {
            "nf-test": "0.9.3",
            "nextflow": "25.10.3"
        },
        "timestamp": "2026-02-03T11:07:13.112305"
    },
    "Stub outputs: unique_file_names contract": {
        "content": [
            {
                "0": [
                    
                ],
                "1": [
                    
                ],
                "agp": [
                    
                ],
                "fasta": [
                    
                ]
            }
        ],
        "meta": {
            "nf-test": "0.9.3",
            "nextflow": "25.10.3"
        },
        "timestamp": "2026-02-03T11:07:16.747928"
    }
}