{
    "Stub outputs stats tuple and versions": {
        "content": [
            {
                "0": [
                    [
                        {
                            "id": "test"
                        },
                        "input.stats.txt:md5,d41d8cd98f00b204e9800998ecf8427e"
                    ]
                ],
                "1": [
                    [
                        "FASTA_STATS",
                        "fasta_stats",
                        "1.6.2"
                    ]
                ],
                "stats": [
                    [
                        {
                            "id": "test"
                        },
                        "input.stats.txt:md5,d41d8cd98f00b204e9800998ecf8427e"
                    ]
                ],
                "versions_fasta_stats": [
                    [
                        "FASTA_STATS",
                        "fasta_stats",
                        "1.6.2"
                    ]
                ]
            }
        ],
        "timestamp": "2026-05-19T13:26:42.634166",
        "meta": {
            "nf-test": "0.9.4",
            "nextflow": "25.10.3"
        }
    }
}