{
    "Real run: AGP-driven liftover": {
        "content": [
            {
                "0": [
                    [
                        {
                            "id": "test"
                        },
                        "test.repeat.json:md5,5fc5a0cd8050982334ada4bca1a55950"
                    ]
                ],
                "combined_json": [
                    [
                        {
                            "id": "test"
                        },
                        "test.repeat.json:md5,5fc5a0cd8050982334ada4bca1a55950"
                    ]
                ]
            }
        ],
        "timestamp": "2026-02-19T00:11:13.232239",
        "meta": {
            "nf-test": "0.9.4",
            "nextflow": "25.10.3"
        }
    },
    "Stub outputs: AGP mode": {
        "content": [
            {
                "0": [
                    [
                        {
                            "id": "test"
                        },
                        "test.repeat.json:md5,5fc5a0cd8050982334ada4bca1a55950"
                    ]
                ],
                "combined_json": [
                    [
                        {
                            "id": "test"
                        },
                        "test.repeat.json:md5,5fc5a0cd8050982334ada4bca1a55950"
                    ]
                ]
            }
        ],
        "timestamp": "2026-02-19T00:11:08.721986",
        "meta": {
            "nf-test": "0.9.4",
            "nextflow": "25.10.3"
        }
    },
    "Real run: header combine + header-driven liftover": {
        "content": [
            {
                "0": [
                    [
                        {
                            "id": "test"
                        },
                        "test.repeat.json:md5,007a5710a0037aae8f907d13cde08f77"
                    ]
                ],
                "combined_json": [
                    [
                        {
                            "id": "test"
                        },
                        "test.repeat.json:md5,007a5710a0037aae8f907d13cde08f77"
                    ]
                ]
            }
        ],
        "timestamp": "2026-02-19T00:11:11.007889",
        "meta": {
            "nf-test": "0.9.4",
            "nextflow": "25.10.3"
        }
    },
    "Stub outputs: header mode": {
        "content": [
            {
                "0": [
                    [
                        {
                            "id": "test"
                        },
                        "test.repeat.json:md5,007a5710a0037aae8f907d13cde08f77"
                    ]
                ],
                "combined_json": [
                    [
                        {
                            "id": "test"
                        },
                        "test.repeat.json:md5,007a5710a0037aae8f907d13cde08f77"
                    ]
                ]
            }
        ],
        "timestamp": "2026-02-19T00:11:06.662964",
        "meta": {
            "nf-test": "0.9.4",
            "nextflow": "25.10.3"
        }
    },
    "Real run: custom chunk regex": {
        "content": [
            {
                "0": [
                    [
                        {
                            "id": "test"
                        },
                        "test.repeat.json:md5,f410544c71be74f7a8a7eab5e494b258"
                    ]
                ],
                "combined_json": [
                    [
                        {
                            "id": "test"
                        },
                        "test.repeat.json:md5,f410544c71be74f7a8a7eab5e494b258"
                    ]
                ]
            }
        ],
        "timestamp": "2026-02-19T00:11:15.43463",
        "meta": {
            "nf-test": "0.9.4",
            "nextflow": "25.10.3"
        }
    },
    "Real run: manifest order is preserved": {
        "content": [
            {
                "0": [
                    [
                        {
                            "id": "test"
                        },
                        "test.repeat.json:md5,1b68c1371265dad11839769a5e776b33"
                    ]
                ],
                "combined_json": [
                    [
                        {
                            "id": "test"
                        },
                        "test.repeat.json:md5,1b68c1371265dad11839769a5e776b33"
                    ]
                ]
            }
        ],
        "timestamp": "2026-02-19T00:11:17.627989",
        "meta": {
            "nf-test": "0.9.4",
            "nextflow": "25.10.3"
        }
    }
}