{
    "stub outputs: default layout, no AGP": {
        "content": [
            [
                {
                    "meta": {
                        "id": "test"
                    },
                    "fastas": [
                        "test.1.fa",
                        "test.2.fa"
                    ],
                    "agp": null
                }
            ],
            [
                [
                    "FASTA_SPLIT",
                    "fasta_split",
                    "1.7.0"
                ]
            ]
        ],
        "timestamp": "2026-09-29T12:58:12.875276",
        "meta": {
            "nf-test": "0.9.5",
            "nextflow": "26.04.3"
        }
    },
    "stub outputs: AGP optional output appears when enabled": {
        "content": [
            [
                {
                    "meta": {
                        "id": "test"
                    },
                    "fastas": [
                        "test.1.fa",
                        "test.2.fa"
                    ],
                    "agp": "test.agp:md5,38e242a83da3c6d49933988b89ac1ed8"
                }
            ],
            [
                [
                    "FASTA_SPLIT",
                    "fasta_split",
                    "1.7.0"
                ]
            ]
        ],
        "timestamp": "2026-09-29T12:58:15.411763",
        "meta": {
            "nf-test": "0.9.5",
            "nextflow": "26.04.3"
        }
    },
    "stub outputs: nested directory layout contract": {
        "content": [
            [
                {
                    "meta": {
                        "id": "test"
                    },
                    "fastas": [
                        "test.1.fa",
                        "test.2.fa"
                    ],
                    "agp": null
                }
            ],
            [
                [
                    "FASTA_SPLIT",
                    "fasta_split",
                    "1.7.0"
                ]
            ]
        ],
        "timestamp": "2026-09-29T12:58:20.662075",
        "meta": {
            "nf-test": "0.9.5",
            "nextflow": "26.04.3"
        }
    },
    "stub outputs: unique_file_names contract": {
        "content": [
            [
                {
                    "meta": {
                        "id": "test"
                    },
                    "fastas": [
                        "test.0.1.fa",
                        "test.0.2.fa"
                    ],
                    "agp": null
                }
            ],
            [
                [
                    "FASTA_SPLIT",
                    "fasta_split",
                    "1.7.0"
                ]
            ]
        ],
        "timestamp": "2026-09-29T12:58:17.991847",
        "meta": {
            "nf-test": "0.9.5",
            "nextflow": "26.04.3"
        }
    }
}
