{
    "Stub outputs: AGP optional output appears when enabled": {
        "content": [
            {
                "0": [
                    [
                        {
                            "id": "test"
                        },
                        [
                            "test.1.fa:md5,336490c5e8c624cb1ae29048f28f0978",
                            "test.2.fa:md5,55d5ca305356033516f7ae1b5ecca900"
                        ]
                    ]
                ],
                "1": [
                    [
                        {
                            "id": "test"
                        },
                        "test.agp:md5,c12ac51bd2b1ca95cdd8f011eca0cd1c"
                    ]
                ],
                "agp": [
                    [
                        {
                            "id": "test"
                        },
                        "test.agp:md5,c12ac51bd2b1ca95cdd8f011eca0cd1c"
                    ]
                ],
                "fasta": [
                    [
                        {
                            "id": "test"
                        },
                        [
                            "test.1.fa:md5,336490c5e8c624cb1ae29048f28f0978",
                            "test.2.fa:md5,55d5ca305356033516f7ae1b5ecca900"
                        ]
                    ]
                ]
            }
        ],
        "meta": {
            "nf-test": "0.9.3",
            "nextflow": "25.04.6"
        },
        "timestamp": "2026-02-03T11:44:20.723299027"
    },
    "Stub outputs: nested directory layout contract": {
        "content": [
            {
                "0": [
                    [
                        {
                            "id": "test"
                        },
                        [
                            "test.1.fa:md5,41e176f082cc04841e50d8aa5c4f4d5a",
                            "test.2.fa:md5,e3bd0305f6466c13a1479c6b82391e6f"
                        ]
                    ]
                ],
                "1": [
                    
                ],
                "agp": [
                    
                ],
                "fasta": [
                    [
                        {
                            "id": "test"
                        },
                        [
                            "test.1.fa:md5,41e176f082cc04841e50d8aa5c4f4d5a",
                            "test.2.fa:md5,e3bd0305f6466c13a1479c6b82391e6f"
                        ]
                    ]
                ]
            }
        ],
        "meta": {
            "nf-test": "0.9.3",
            "nextflow": "25.04.6"
        },
        "timestamp": "2026-02-03T11:44:45.167257411"
    },
    "Stub outputs: default layout, no AGP": {
        "content": [
            {
                "0": [
                    [
                        {
                            "id": "test"
                        },
                        [
                            "test.1.fa:md5,336490c5e8c624cb1ae29048f28f0978",
                            "test.2.fa:md5,55d5ca305356033516f7ae1b5ecca900"
                        ]
                    ]
                ],
                "1": [
                    
                ],
                "agp": [
                    
                ],
                "fasta": [
                    [
                        {
                            "id": "test"
                        },
                        [
                            "test.1.fa:md5,336490c5e8c624cb1ae29048f28f0978",
                            "test.2.fa:md5,55d5ca305356033516f7ae1b5ecca900"
                        ]
                    ]
                ]
            }
        ],
        "meta": {
            "nf-test": "0.9.3",
            "nextflow": "25.04.6"
        },
        "timestamp": "2026-02-03T11:44:08.447183258"
    },
    "Stub outputs: unique_file_names contract": {
        "content": [
            {
                "0": [
                    [
                        {
                            "id": "test"
                        },
                        [
                            "test.0.1.fa:md5,41e176f082cc04841e50d8aa5c4f4d5a",
                            "test.0.2.fa:md5,e3bd0305f6466c13a1479c6b82391e6f"
                        ]
                    ]
                ],
                "1": [
                    
                ],
                "agp": [
                    
                ],
                "fasta": [
                    [
                        {
                            "id": "test"
                        },
                        [
                            "test.0.1.fa:md5,41e176f082cc04841e50d8aa5c4f4d5a",
                            "test.0.2.fa:md5,e3bd0305f6466c13a1479c6b82391e6f"
                        ]
                    ]
                ]
            }
        ],
        "meta": {
            "nf-test": "0.9.3",
            "nextflow": "25.04.6"
        },
        "timestamp": "2026-02-03T11:44:33.225993321"
    }
}