{
    "versions_no_database": {
        "content": [
            [
                "versions.yml:md5,41c139bc234f0b7004e888a0c907c22f"
            ]
        ],
        "timestamp": "2026-03-18T16:45:02.331367418",
        "meta": {
            "nf-test": "0.9.4",
            "nextflow": "24.10.3"
        }
    },
    "versions_full": {
        "content": [
            [
                "versions.yml:md5,41c139bc234f0b7004e888a0c907c22f"
            ]
        ],
        "timestamp": "2026-03-18T16:44:39.072916609",
        "meta": {
            "nf-test": "0.9.4",
            "nextflow": "24.10.3"
        }
    },
    "versions_no_password": {
        "content": [
            [
                "versions.yml:md5,41c139bc234f0b7004e888a0c907c22f"
            ]
        ],
        "timestamp": "2026-03-18T16:44:51.056227741",
        "meta": {
            "nf-test": "0.9.4",
            "nextflow": "24.10.3"
        }
    },
    "generated_url_full": {
        "content": [
            [
                [
                    {
                        "id": "test1"
                    },
                    "mysql://user1:password1@host1.com:3306/database1"
                ]
            ]
        ],
        "timestamp": "2025-03-26T15:48:40.650816",
        "meta": {
            "nf-test": "0.9.2",
            "nextflow": "24.10.5"
        }
    },
    "generated_url_no_password": {
        "content": [
            [
                [
                    {
                        "id": "test2"
                    },
                    "postgresql://user2@host2.com:5432/database2"
                ]
            ]
        ],
        "timestamp": "2025-03-26T15:48:42.651032",
        "meta": {
            "nf-test": "0.9.2",
            "nextflow": "24.10.5"
        }
    },
    "generated_url_no_database": {
        "content": [
            [
                [
                    {
                        "id": "test3"
                    },
                    "oracle://user3:password3@host3.com:1521"
                ]
            ]
        ],
        "timestamp": "2025-03-26T15:48:44.600396",
        "meta": {
            "nf-test": "0.9.2",
            "nextflow": "24.10.5"
        }
    }
}