{
    "Stub: TRF": {
        "content": [
            {
                "0": [
                    {
                        "dat": "dummy.fa.dat:md5,7afa5cc8da76212b28fe6a2c4db74917",
                        "meta": {
                            "id": "test"
                        }
                    }
                ]
            }
        ],
        "timestamp": "2026-09-29T12:54:08.817888",
        "meta": {
            "nf-test": "0.9.5",
            "nextflow": "26.04.3"
        }
    }
}