{
    "Integrity check stub": {
        "content": [
            {
                "0": [
                    [
                        {
                            "id": "test"
                        },
                        [
                            "genes.gff3:md5,5e2fd50352e7d2ebec2bdccaa352e541",
                            "versions.yml:md5,38439b585356e28de1ee6b42cff2e13c"
                        ]
                    ]
                ],
                "1": [
                    
                ],
                "2": [
                    "versions.yml:md5,38439b585356e28de1ee6b42cff2e13c"
                ],
                "all_files": [
                    [
                        {
                            "id": "test"
                        },
                        [
                            "genes.gff3:md5,5e2fd50352e7d2ebec2bdccaa352e541",
                            "versions.yml:md5,38439b585356e28de1ee6b42cff2e13c"
                        ]
                    ]
                ],
                "error_log": [
                    
                ],
                "versions": [
                    "versions.yml:md5,38439b585356e28de1ee6b42cff2e13c"
                ]
            }
        ],
        "timestamp": "2026-02-24T21:04:50.428794114",
        "meta": {
            "nf-test": "0.9.4",
            "nextflow": "24.10.3"
        }
    }
}