{
    "Integrity check stub": {
        "content": [
            {
                "0": [
                    [
                        {
                            "id": "test"
                        },
                        [
                            "genes.gff3:md5,5e2fd50352e7d2ebec2bdccaa352e541",
                            "versions.yml:md5,4910709d1307df46f7f3f2837346ff80"
                        ]
                    ]
                ],
                "1": [
                    
                ],
                "2": [
                    "versions.yml:md5,4910709d1307df46f7f3f2837346ff80"
                ],
                "all_files": [
                    [
                        {
                            "id": "test"
                        },
                        [
                            "genes.gff3:md5,5e2fd50352e7d2ebec2bdccaa352e541",
                            "versions.yml:md5,4910709d1307df46f7f3f2837346ff80"
                        ]
                    ]
                ],
                "error_log": [
                    
                ],
                "versions": [
                    "versions.yml:md5,4910709d1307df46f7f3f2837346ff80"
                ]
            }
        ],
        "meta": {
            "nf-test": "0.9.2",
            "nextflow": "24.04.3"
        },
        "timestamp": "2025-02-20T16:33:19.059984441"
    }
}