{
    "Integrity check stub": {
        "content": [
            {
                "0": [
                    [
                        {
                            "id": "test"
                        },
                        [
                            "genes.gff3:md5,5e2fd50352e7d2ebec2bdccaa352e541",
                            "versions.yml:md5,9f816825aa2b0db6fa7037ac25635b2c"
                        ]
                    ]
                ],
                "1": [
                    
                ],
                "2": [
                    "versions.yml:md5,9f816825aa2b0db6fa7037ac25635b2c"
                ],
                "all_files": [
                    [
                        {
                            "id": "test"
                        },
                        [
                            "genes.gff3:md5,5e2fd50352e7d2ebec2bdccaa352e541",
                            "versions.yml:md5,9f816825aa2b0db6fa7037ac25635b2c"
                        ]
                    ]
                ],
                "error_log": [
                    
                ],
                "versions": [
                    "versions.yml:md5,9f816825aa2b0db6fa7037ac25635b2c"
                ]
            }
        ],
        "meta": {
            "nf-test": "0.9.2",
            "nextflow": "24.10.3"
        },
        "timestamp": "2025-03-11T14:14:32.914924799"
    }
}