{
    "sarscov2 - bam - stub": {
        "content": [
            {
                "0": [
                    [
                        {
                            "id": "test",
                            "single_end": false
                        },
                        "manifest.json:md5,d41d8cd98f00b204e9800998ecf8427e"
                    ]
                ],
                "1": [
                    "versions.yml:md5,d179a9314cfcc5bec5a00d0335d2760b"
                ],
                "versions": [
                    "versions.yml:md5,d179a9314cfcc5bec5a00d0335d2760b"
                ]
            }
        ],
        "meta": {
            "nf-test": "0.9.2",
            "nextflow": "24.10.3"
        },
        "timestamp": "2025-06-17T11:28:41.159067568"
    },
    "Maker check stub": {
        "content": [
            {
                "0": [
                    [
                        {
                            "id": "test"
                        },
                        [
                            "genes.gff3:md5,5e2fd50352e7d2ebec2bdccaa352e541",
                            "manifest.json:md5,d41d8cd98f00b204e9800998ecf8427e"
                        ]
                    ]
                ],
                "1": [
                    "versions.yml:md5,d179a9314cfcc5bec5a00d0335d2760b"
                ],
                "versions": [
                    "versions.yml:md5,d179a9314cfcc5bec5a00d0335d2760b"
                ]
            }
        ],
        "meta": {
            "nf-test": "0.9.2",
            "nextflow": "24.10.3"
        },
        "timestamp": "2025-06-17T11:28:27.183348913"
    }
}