{
    "sarscov2 - bam - stub": {
        "content": [
            {
                "0": [
                    [
                        {
                            "id": "test",
                            "single_end": false
                        },
                        "manifest.json:md5,d41d8cd98f00b204e9800998ecf8427e"
                    ]
                ],
                "1": [
                    "versions.yml:md5,b2d9940151b29e7881ddbf8e3df6db49"
                ],
                "versions": [
                    "versions.yml:md5,b2d9940151b29e7881ddbf8e3df6db49"
                ]
            }
        ],
        "timestamp": "2026-02-24T21:05:18.307649581",
        "meta": {
            "nf-test": "0.9.4",
            "nextflow": "24.10.3"
        }
    },
    "Maker check stub": {
        "content": [
            {
                "0": [
                    [
                        {
                            "id": "test"
                        },
                        [
                            "genes.gff3:md5,5e2fd50352e7d2ebec2bdccaa352e541",
                            "manifest.json:md5,d41d8cd98f00b204e9800998ecf8427e"
                        ]
                    ]
                ],
                "1": [
                    "versions.yml:md5,b2d9940151b29e7881ddbf8e3df6db49"
                ],
                "versions": [
                    "versions.yml:md5,b2d9940151b29e7881ddbf8e3df6db49"
                ]
            }
        ],
        "timestamp": "2026-02-24T21:05:04.068850359",
        "meta": {
            "nf-test": "0.9.4",
            "nextflow": "24.10.3"
        }
    }
}