{
    "Dump Genome statistics [stub]": {
        "content": [
            {
                "0": [
                    [
                        [
                            {
                                "test_id": "dummy_core_db_core_110_1",
                                "species": "Genus species"
                            }
                        ],
                        "core_stats.json:md5,d41d8cd98f00b204e9800998ecf8427e"
                    ]
                ],
                "1": [
                    "versions.yml:md5,6e0e2ab59a2af0e33a3223391168fdc0"
                ],
                "core_stats": [
                    [
                        [
                            {
                                "test_id": "dummy_core_db_core_110_1",
                                "species": "Genus species"
                            }
                        ],
                        "core_stats.json:md5,d41d8cd98f00b204e9800998ecf8427e"
                    ]
                ],
                "versions": [
                    "versions.yml:md5,6e0e2ab59a2af0e33a3223391168fdc0"
                ]
            }
        ],
        "timestamp": "2026-02-24T21:03:34.420916147",
        "meta": {
            "nf-test": "0.9.4",
            "nextflow": "24.10.3"
        }
    },
    "genome_stats": {
        "content": [
            [
                [
                    [
                        {
                            "test_id": "dummy_core_db_core_110_1",
                            "species": "Genus species"
                        }
                    ],
                    "core_stats.json"
                ]
            ]
        ],
        "timestamp": "2024-12-02T17:39:27.332030943",
        "meta": {
            "nf-test": "0.9.2",
            "nextflow": "24.04.3"
        }
    }
}