{
    "Stub wires RepeatMasker custom library input mode": {
        "content": [
            {
                "0": [
                    {
                        "features_json": "test.repeatmask_customlib.features.json:md5,8a80554c91d9fca8acb82f023de02f11",
                        "meta": {
                            "id": "test"
                        }
                    }
                ]
            }
        ],
        "timestamp": "2026-09-29T12:54:04.437296",
        "meta": {
            "nf-test": "0.9.5",
            "nextflow": "26.04.3"
        }
    },
    "Stub wires RepeatMasker Repbase input mode": {
        "content": [
            {
                "0": [
                    {
                        "features_json": "test.repeatmasker_repbase.features.json:md5,8a80554c91d9fca8acb82f023de02f11",
                        "meta": {
                            "id": "test"
                        }
                    }
                ]
            }
        ],
        "timestamp": "2026-09-29T12:54:02.363885",
        "meta": {
            "nf-test": "0.9.5",
            "nextflow": "26.04.3"
        }
    },
    "Stub wires TRF input mode": {
        "content": [
            {
                "0": [
                    {
                        "features_json": "test.trf.features.json:md5,8a80554c91d9fca8acb82f023de02f11",
                        "meta": {
                            "id": "test"
                        }
                    }
                ]
            }
        ],
        "timestamp": "2026-09-29T12:54:00.329076",
        "meta": {
            "nf-test": "0.9.5",
            "nextflow": "26.04.3"
        }
    }
}