{
    "workflow": {
        "content": [
            {
                "success": true,
                "exitStatus": 0,
                "errorMessage": null,
                "errorReport": null,
                "failed": false,
                "trace": {
                    "tasksCount": 2,
                    "tasksFailed": 0,
                    "tasksSucceeded": 2
                },
                "stdout": [
                    
                ],
                "stderr": [
                    
                ],
                "out": {
                    "0": [
                        [
                            {
                                "accession": "GCA_000001215.4",
                                "production_name": "GCA_000001215.4",
                                "publish_dir": "GCA_000001215.4",
                                "prefix": "",
                                "has_annotation": true
                            },
                            "genome.json:md5,a53e988260cac7de9d8d0f93199466ca"
                        ]
                    ],
                    "1": [
                        "versions.yml:md5,34f217a4d5bee00cb4204161991188c2",
                        "versions.yml:md5,9e866387f99baa2fcb20fec2300f342a"
                    ],
                    "prepared_metadata": [
                        [
                            {
                                "accession": "GCA_000001215.4",
                                "production_name": "GCA_000001215.4",
                                "publish_dir": "GCA_000001215.4",
                                "prefix": "",
                                "has_annotation": true
                            },
                            "genome.json:md5,a53e988260cac7de9d8d0f93199466ca"
                        ]
                    ],
                    "versions": [
                        "versions.yml:md5,34f217a4d5bee00cb4204161991188c2",
                        "versions.yml:md5,9e866387f99baa2fcb20fec2300f342a"
                    ]
                },
                "name": "workflow"
            }
        ],
        "timestamp": "2026-05-06T11:28:55.188980838",
        "meta": {
            "nf-test": "0.9.5",
            "nextflow": "24.10.3"
        }
    }
}