{
    "GFF3 Dump gene models [stub]": {
        "content": [
            {
                "0": [
                    [
                        [
                            {
                                "test_id": "dummy_core_db_core_110_1",
                                "species": "Genus species"
                            }
                        ],
                        "gff3",
                        "gff_outfile.gff3:md5,d41d8cd98f00b204e9800998ecf8427e"
                    ]
                ],
                "1": [
                    "versions.yml:md5,dbfd3136a0ed1ceaeb1bad0387158380"
                ],
                "gff3": [
                    [
                        [
                            {
                                "test_id": "dummy_core_db_core_110_1",
                                "species": "Genus species"
                            }
                        ],
                        "gff3",
                        "gff_outfile.gff3:md5,d41d8cd98f00b204e9800998ecf8427e"
                    ]
                ],
                "versions": [
                    "versions.yml:md5,dbfd3136a0ed1ceaeb1bad0387158380"
                ]
            }
        ],
        "timestamp": "2026-02-24T21:04:23.610210038",
        "meta": {
            "nf-test": "0.9.4",
            "nextflow": "24.10.3"
        }
    }
}